Fadilah@DESKTOP-TOMF6SR MINGW64 ~/Desktop/LinuQuiz/System-Administrator-Test (master)
$ git init
Reinitialized existing Git repository in C:/Users/Fadilah/Desktop/LinuQuiz/System-Administrator-Test/.git/

Fadilah@DESKTOP-TOMF6SR MINGW64 ~/Desktop/LinuQuiz/System-Administrator-Test (master)
$ git add .

Fadilah@DESKTOP-TOMF6SR MINGW64 ~/Desktop/LinuQuiz/System-Administrator-Test (master)
$ git status
On branch master
Changes to be committed:
  (use "git restore --staged <file>..." to unstage)
        new file:   git_command.txt
        new file:   rogue.sh
        new file:   rogue_task_command.txt
        new file:   rogue_task_config_file.txt
        new file:   workstation.sls.txt
        new file:   workstation_push.txt


Fadilah@DESKTOP-TOMF6SR MINGW64 ~/Desktop/LinuQuiz/System-Administrator-Test (master)
$ git commit -m "Add existing file"
[master 1e6e48a] Add existing file
 6 files changed, 63 insertions(+)
 create mode 100644 git_command.txt
 create mode 100644 rogue.sh
 create mode 100644 rogue_task_command.txt
 create mode 100644 rogue_task_config_file.txt
 create mode 100644 workstation.sls.txt
 create mode 100644 workstation_push.txt

Fadilah@DESKTOP-TOMF6SR MINGW64 ~/Desktop/LinuQuiz/System-Administrator-Test (master)
$ git remote add origin 'https://github.com/mdfadilah/System-Administrator-Test.git'

Fadilah@DESKTOP-TOMF6SR MINGW64 ~/Desktop/LinuQuiz/System-Administrator-Test (master)
$ git push -u origin master
